[backblue.gif]
[fade.gif]
[index.html]
[localhost/tigress/feed/index.html]
[localhost/tigress/comments/feed/index.html]
[maxcdn.bootstrapcdn.com/font-awesome/4.6.3/css/font-awesome.min4698.css]
[localhost/tigress/wp-includes/js/jquery/jqueryb8ff.js]
[localhost/tigress/wp-includes/js/jquery/jquery-migrate.min330a.js]
[localhost/tigress/wp-content/plugins/add-to-any/addtoany.min5152.js]
[localhost/tigress/wp-content/plugins/so-widgets-bundle/widgets/contact/js/contact.minc801.js]
[localhost/tigress/xmlrpc0db0.php]
[localhost/tigress/wp-includes/wlwmanifest.xml]
[localhost/tigress/wp-json/index.html]
[localhost/tigress/wp-json/oembed/1.0/embed8af5.json]
[localhost/tigress/wp-json/oembed/1.0/embed0732]
[www.google-analytics.com/analytics.js]
[static.addtoany.com/menu/page.js]
[localhost/tigress/wp-content/uploads/2017/06/employer.jpg]
[localhost/tigress/wp-content/uploads/2017/06/tigress-logo.png]
[www.tigress.my/wp-content/uploads/2017/06/tigress-logo-white-smaller.png]
[localhost/tigress/wp-content/uploads/2017/06/mou-signing-with-tigress.jpg]
[localhost/tigress/wp-content/uploads/2017/06/solution-for-talent-pipeline.jpg]
[localhost/tigress/wp-content/uploads/2017/06/for-employers-tigress.jpg]
[localhost/tigress/wp-content/uploads/2017/07/Vinda-1-185x145.jpg]
[localhost/tigress/wp-content/uploads/2017/07/OSK-185x145.jpg]
[localhost/tigress/wp-content/uploads/2017/07/OCK-185x145.jpg]
[localhost/tigress/wp-content/uploads/2017/07/munchy-s-185x145.jpg]
[localhost/tigress/wp-content/uploads/2017/07/infineon-185x145.jpg]
[localhost/tigress/wp-content/uploads/2017/07/honda-185x145.jpg]
[localhost/tigress/wp-content/uploads/2017/07/EY-185x145.jpg]
[localhost/tigress/wp-content/uploads/2017/07/EPNOX-185x145.jpg]
[localhost/tigress/wp-content/uploads/2017/07/CIMB-185x145.jpg]
[localhost/tigress/wp-content/uploads/2017/07/CardBiz-185x145.jpg]
[localhost/tigress/wp-content/uploads/2017/07/Berjaya-185x145.jpg]
[localhost/tigress/wp-content/uploads/2017/07/BDO-185x145.jpg]
[localhost/tigress/wp-content/uploads/2017/07/AWC-185x145.jpg]
[localhost/tigress/wp-content/uploads/2017/07/allianz-185x145.jpg]
[localhost/tigress/wp-content/uploads/2017/07/AIA-185x145.jpg]
[localhost/tigress/wp-content/uploads/2017/07/aegis-185x145.jpg]
[localhost/tigress/wp-content/uploads/2017/06/for-career-services.jpg]
[localhost/tigress/wp-content/uploads/2017/06/um-tigress.png]
[localhost/tigress/wp-content/uploads/2017/06/ukm-tigress.png]
[localhost/tigress/wp-content/uploads/2017/06/mmu-tigress.png]
[localhost/tigress/wp-content/uploads/2017/06/taylors-tigress.png]
[localhost/tigress/wp-content/uploads/2017/06/for-students.jpg]
[localhost/tigress/wp-content/uploads/2017/06/iconix-talent-network.png]
[localhost/tigress/wp-content/uploads/2017/06/iconix-skills-academy.png]
[localhost/tigress/wp-content/uploads/2017/06/icsb.png]
[localhost/tigress/wp-content/uploads/2017/06/iconix-emc-services.png]
[localhost/tigress/wp-content/uploads/2017/06/iconix-systems-solutions.png]
[localhost/tigress/wp-content/plugins/instagram-feed/js/sb-instagram.mine29d.js]
[localhost/tigress/wp-content/plugins/so-widgets-bundle/js/lib/imagesloaded.pkgd.min55a0.js]
[localhost/tigress/wp-content/plugins/so-widgets-bundle/widgets/image-grid/js/image-grid.minc801.js]
[localhost/tigress/wp-content/themes/flash/js/jquery.sticky.min66f2.js]
[localhost/tigress/wp-content/themes/flash/js/jquery.nav.min66f2.js]
[localhost/tigress/wp-content/themes/flash/js/flash.min66f2.js]
[localhost/tigress/wp-content/themes/flash/js/skip-link-focus-fix4a7d.js]
[localhost/tigress/wp-content/themes/flash/js/swiper.jquery.min66f2.js]
[localhost/tigress/wp-content/themes/flash/js/isotope.pkgd.min66f2.js]
[localhost/tigress/wp-includes/js/wp-embed.min66f2.js]
[localhost/tigress/wp-content/plugins/siteorigin-panels/js/styling-25.mined42.js]
[localhost/tigress/wp-content/plugins/logo-carousel-slider/js/owl.carousel.mine7f0.js]
[localhost/tigress/wp-content/plugins/so-widgets-bundle/widgets/google-map/js/js-map.minc801.js]
[localhost/tigress/index.html]
[localhost/tigress/xmlrpc.php]
[localhost/tigress/wp-content/plugins/captcha/css/front_end_style5b31.css]
[localhost/tigress/wp-includes/fonts/dashicons.eot]
[localhost/tigress/wp-includes/css/dashicons.min66f2.css]
[localhost/tigress/wp-content/plugins/captcha/css/desktop_style5b31.css]
[localhost/tigress/wp-content/plugins/instagram-feed/img/loader.png]
[localhost/tigress/wp-content/plugins/instagram-feed/img/small-logo.png]
[localhost/tigress/wp-content/plugins/instagram-feed/css/sb-instagram.mine29d.css]
[maxcdn.bootstrapcdn.com/font-awesome/4.6.3/css/font-awesome.min4698.css]
[localhost/tigress/wp-content/plugins/siteorigin-panels/css/front-flexed42.css]
[localhost/tigress/wp-content/uploads/siteorigin-widgets/sow-contact-form-default-b106b782769166f2.css]
[localhost/tigress/wp-content/uploads/siteorigin-widgets/sow-headline-default-e5cd0b3f9a7966f2.css]
[localhost/tigress/wp-content/uploads/siteorigin-widgets/sow-image-default-813df796d9b166f2.css]
[localhost/tigress/wp-content/plugins/so-widgets-bundle/widgets/button/css/stylec801.css]
[localhost/tigress/wp-content/uploads/siteorigin-widgets/sow-button-wire-abf74775572666f2.css]
[localhost/tigress/wp-content/plugins/so-widgets-bundle/widgets/image-grid/css/image-gridc801.css]
[localhost/tigress/wp-content/uploads/siteorigin-widgets/sow-image-grid-default-002c5dc2c56166f2.css]
[localhost/tigress/wp-content/themes/flash/fonts/fontawesome-webfont5b62.eot]
[localhost/tigress/wp-content/themes/flash/fonts/fontawesome-webfontd41d.eot]
[localhost/tigress/wp-content/themes/flash/fonts/fontawesome-webfont5b62.woff]
[localhost/tigress/wp-content/themes/flash/fonts/fontawesome-webfont5b62.ttf]
[localhost/tigress/wp-content/themes/flash/css/font-awesome.min66f2.css]
[localhost/tigress/wp-content/themes/flash/style66f2.css]
[localhost/tigress/wp-content/themes/flash/css/responsive.min66f2.css]
[localhost/tigress/wp-content/themes/flash/css/swiper.min66f2.css]
[localhost/tigress/wp-content/plugins/add-to-any/addtoany.mind50e.css]
[localhost/tigress/universities-tigress__trashed/index.html]
[localhost/tigress/wp-content/plugins/logo-carousel-slider/css/owl.video.play.png]
[localhost/tigress/wp-content/plugins/logo-carousel-slider/css/owl.carousel66f2.css]
[localhost/tigress/wp-content/plugins/logo-carousel-slider/css/owl.theme66f2.css]
[localhost/tigress/wp-content/plugins/logo-carousel-slider/css/owl.transitions66f2.css]
[localhost/tigress/wp-content/plugins/logo-carousel-slider/css/lcs-styles66f2.css]
[localhost/tigress/wp-content/plugins/so-widgets-bundle/widgets/google-map/css/stylec801.css]
[localhost/tigress/wp-content/themes/flash/fonts/fontawesome-webfont5b62.html]
[localhost/tigress/wp-content/themes/flash/fonts/fontawesome-webfont5b62.svg]
